// Vitest Snapshot v1, https://vitest.dev/guide/snapshot.html

exports[`Teampage > matches snapshot with correct props 1`] = `
<DocumentFragment>
  <main
    class="team-page"
  >
    <div
      class="team-wrapper"
    >
      <header>
        <h2
          class="team-name"
        >
          Team name
        </h2>
        <div>
          <button
            class="edit-name-button"
          >
            <svg
              class="edit-name-icon"
              fill="currentColor"
              height="30"
              stroke="currentColor"
              stroke-width="0"
              viewBox="0 0 24 24"
              width="30"
              xmlns="http://www.w3.org/2000/svg"
            >
              <path
                d="M12.8995 6.85453L17.1421 11.0972L7.24264 20.9967H3V16.754L12.8995 6.85453ZM14.3137 5.44032L16.435 3.319C16.8256 2.92848 17.4587 2.92848 17.8492 3.319L20.6777 6.14743C21.0682 6.53795 21.0682 7.17112 20.6777 7.56164L18.5563 9.68296L14.3137 5.44032Z"
              />
            </svg>
          </button>
        </div>
      </header>
      <section
        class="team-section"
      >
        <h2>
          No Pok√©mons in your team.
        </h2>
      </section>
    </div>
  </main>
</DocumentFragment>
`;
